################################################################################
#                                                                              #
#      IAR Universal Linker V4.61T/W32                                         #
#                                                                              #
#           Link time     =  03/Jun/2013  17:33:35                             #
#           Target CPU    =  MSP430                                            #
#           List file     =  C:\Users\Kai\AVR\LUFA101122\Projects\DataLogger\F #
#                            unkmodul\Debug\List\Transmitter.map               #
#           Output file 1 =  C:\Users\Kai\AVR\LUFA101122\Projects\DataLogger\F #
#                            unkmodul\Debug\Exe\Transmitter.d43                #
#                            Format: debug                                     #
#                            UBROF version 10.0.3                              #
#                            Using library modules for C-SPY (-rt)             #
#           Command line  =  C:\Users\Kai\AVR\LUFA101122\Projects\DataLogger\F #
#                            unkmodul\Debug\Obj\main.r43                       #
#                            -o                                                #
#                            C:\Users\Kai\AVR\LUFA101122\Projects\DataLogger\F #
#                            unkmodul\Debug\Exe\Transmitter.d43                #
#                            -B -l                                             #
#                            C:\Users\Kai\AVR\LUFA101122\Projects\DataLogger\F #
#                            unkmodul\Debug\List\Transmitter.map               #
#                            -xmsn                                             #
#                            "-IC:\Program Files\IAR Systems\Embedded Workbenc #
#                            h 6.0 Kickstart\430\LIB\"                         #
#                            -f                                                #
#                            "C:\Program Files\IAR Systems\Embedded Workbench  #
#                            6.0 Kickstart\430\CONFIG\lnk430F2012.xcl"         #
#                            (-cmsp430 -QCODE_I=CODE_ID                        #
#                            -Z(DATA)DATA16_I,DATA16_Z,DATA16_N,DATA16_HEAP+_D #
#                            ATA16_HEAP_SIZE=0200-027F                         #
#                            -Z(DATA)CODE_I -Z(DATA)CSTACK+_STACK_SIZE#        #
#                            -Z(CONST)INFO=1000-10FF                           #
#                            -Z(CONST)INFOA=10C0-10FF                          #
#                            -Z(CONST)INFOB=1080-10BF                          #
#                            -Z(CONST)INFOC=1040-107F                          #
#                            -Z(CONST)INFOD=1000-103F                          #
#                            -Z(CONST)DATA16_C,DATA16_ID,DIFUNCT,CHECKSUM=F800 #
#                            -FFDF                                             #
#                            -Z(CODE)CSTART,ISR_CODE,CODE_ID=F800-FFDF         #
#                            -P(CODE)CODE=F800-FFDF -Z(CODE)INTVEC=FFE0-FFFF   #
#                            -Z(CODE)RESET=FFFE-FFFF) -D_STACK_SIZE=50 -rt     #
#                            "C:\Program Files\IAR Systems\Embedded Workbench  #
#                            6.0 Kickstart\430\LIB\CLIB\cl430f.r43"            #
#                            -e_small_write=_formatted_write                   #
#                            -e_medium_read=_formatted_read                    #
#                            -D_DATA16_HEAP_SIZE=0 -s __program_start          #
#                            -D_DATA20_HEAP_SIZE=50                            #
#                                                                              #
#                           Copyright (C) 1987-2010 IAR Systems AB.            #
################################################################################





                ****************************************
                *                                      *
                *           CROSS REFERENCE            *
                *                                      *
                ****************************************

       Program entry at :           F8F6  Relocatable, from module : ?cstart




                ****************************************
                *                                      *
                *            RUNTIME MODEL             *
                *                                      *
                ****************************************

  __SystemLibrary = CLib
  __core          = 430
  __double_size   = 32
  __pic           = no
  __reg_r4        = free
  __reg_r5        = free
  __rt_version    = 3



                ****************************************
                *                                      *
                *              MODULE MAP              *
                *                                      *
                ****************************************


  DEFINED ABSOLUTE ENTRIES
    *************************************************************************

  DEFINED ABSOLUTE ENTRIES
  PROGRAM MODULE, NAME : ?ABS_ENTRY_MOD

Absolute parts
           ENTRY                   ADDRESS         REF BY
           =====                   =======         ======
           _DATA20_HEAP_SIZE       0050 
           _DATA16_HEAP_SIZE       0000 
           _STACK_SIZE             0050 
    *************************************************************************

  FILE NAME : C:\Users\Kai\AVR\LUFA101122\Projects\DataLogger\Funkmodul\Debug\Obj\main.r43
  PROGRAM MODULE, NAME : main

  SEGMENTS IN THE MODULE
  ======================
DATA16_AN
  Relative segment, address: 0002 - 0002 (0x1 bytes), align: 0
  Segment part 1. ROOT.       Intra module refs:   Transmit
           ENTRY                   ADDRESS         REF BY
           =====                   =======         ======
           _A_IFG1                 0002 
           LOCAL                   ADDRESS         
           =====                   =======         
           IFG1                    0002 
           IFG1_bit                0002 
    -------------------------------------------------------------------------
DATA16_AN
  Relative segment, address: 0120 - 0121 (0x2 bytes), align: 0
  Segment part 2. ROOT.       Intra module refs:   main
           ENTRY                   ADDRESS         REF BY
           =====                   =======         ======
           _A_WDTCTL               0120 
           LOCAL                   ADDRESS         
           =====                   =======         
           WDTCTL                  0120 
           WDTCTL_bit              0120 
    -------------------------------------------------------------------------
DATA16_AN
  Relative segment, address: 0020 - 0020 (0x1 bytes), align: 0
  Segment part 3. ROOT.       Intra module refs:   Spi16
                                                   Wait_rfm12
           ENTRY                   ADDRESS         REF BY
           =====                   =======         ======
           _A_P1IN                 0020 
           LOCAL                   ADDRESS         
           =====                   =======         
           P1IN                    0020 
           P1IN_bit                0020 
    -------------------------------------------------------------------------
DATA16_AN
  Relative segment, address: 0021 - 0021 (0x1 bytes), align: 0
  Segment part 4. ROOT.       Intra module refs:   RFM12_Init
                                                   Send_rfm12string
                                                   Spi16
                                                   Transmit
                                                   Wait_rfm12
                                                   main
           ENTRY                   ADDRESS         REF BY
           =====                   =======         ======
           _A_P1OUT                0021 
           LOCAL                   ADDRESS         
           =====                   =======         
           P1OUT                   0021 
           P1OUT_bit               0021 
    -------------------------------------------------------------------------
DATA16_AN
  Relative segment, address: 0022 - 0022 (0x1 bytes), align: 0
  Segment part 5. ROOT.       Intra module refs:   main
           ENTRY                   ADDRESS         REF BY
           =====                   =======         ======
           _A_P1DIR                0022 
           LOCAL                   ADDRESS         
           =====                   =======         
           P1DIR                   0022 
           P1DIR_bit               0022 
    -------------------------------------------------------------------------
DATA16_AN
  Relative segment, address: 0026 - 0026 (0x1 bytes), align: 0
  Segment part 6. ROOT.       Intra module refs:   main
           ENTRY                   ADDRESS         REF BY
           =====                   =======         ======
           _A_P1SEL                0026 
           LOCAL                   ADDRESS         
           =====                   =======         
           P1SEL                   0026 
           P1SEL_bit               0026 
    -------------------------------------------------------------------------
DATA16_AN
  Relative segment, address: 0027 - 0027 (0x1 bytes), align: 0
  Segment part 7. ROOT.       Intra module refs:   main
           ENTRY                   ADDRESS         REF BY
           =====                   =======         ======
           _A_P1REN                0027 
           LOCAL                   ADDRESS         
           =====                   =======         
           P1REN                   0027 
           P1REN_bit               0027 
    -------------------------------------------------------------------------
DATA16_AN
  Relative segment, address: 0056 - 0056 (0x1 bytes), align: 0
  Segment part 8. ROOT.       Intra module refs:   main
           ENTRY                   ADDRESS         REF BY
           =====                   =======         ======
           _A_DCOCTL               0056 
           LOCAL                   ADDRESS         
           =====                   =======         
           DCOCTL                  0056 
           DCOCTL_bit              0056 
    -------------------------------------------------------------------------
DATA16_AN
  Relative segment, address: 0057 - 0057 (0x1 bytes), align: 0
  Segment part 9. ROOT.       Intra module refs:   main
           ENTRY                   ADDRESS         REF BY
           =====                   =======         ======
           _A_BCSCTL1              0057 
           LOCAL                   ADDRESS         
           =====                   =======         
           BCSCTL1                 0057 
           BCSCTL1_bit             0057 
    -------------------------------------------------------------------------
DATA16_AN
  Relative segment, address: 0058 - 0058 (0x1 bytes), align: 0
  Segment part 10. ROOT.      Intra module refs:   Transmit
                                                   main
           ENTRY                   ADDRESS         REF BY
           =====                   =======         ======
           _A_BCSCTL2              0058 
           LOCAL                   ADDRESS         
           =====                   =======         
           BCSCTL2                 0058 
           BCSCTL2_bit             0058 
    -------------------------------------------------------------------------
DATA16_AN
  Relative segment, address: 0053 - 0053 (0x1 bytes), align: 0
  Segment part 11. ROOT.      Intra module refs:   Transmit
           ENTRY                   ADDRESS         REF BY
           =====                   =======         ======
           _A_BCSCTL3              0053 
           LOCAL                   ADDRESS         
           =====                   =======         
           BCSCTL3                 0053 
           BCSCTL3_bit             0053 
    -------------------------------------------------------------------------
DATA16_AN
  Relative segment, address: 01B0 - 01B1 (0x2 bytes), align: 0
  Segment part 12. ROOT.      Intra module refs:   Timer
                                                   Transmit
           ENTRY                   ADDRESS         REF BY
           =====                   =======         ======
           _A_ADC10CTL0            01B0 
           LOCAL                   ADDRESS         
           =====                   =======         
           ADC10CTL0               01B0 
           ADC10CTL0_bit           01B0 
    -------------------------------------------------------------------------
DATA16_AN
  Relative segment, address: 01B2 - 01B3 (0x2 bytes), align: 0
  Segment part 13. ROOT.      Intra module refs:   Timer
                                                   Transmit
           ENTRY                   ADDRESS         REF BY
           =====                   =======         ======
           _A_ADC10CTL1            01B2 
           LOCAL                   ADDRESS         
           =====                   =======         
           ADC10CTL1               01B2 
           ADC10CTL1_bit           01B2 
    -------------------------------------------------------------------------
DATA16_AN
  Relative segment, address: 01B4 - 01B5 (0x2 bytes), align: 0
  Segment part 14. ROOT.      Intra module refs:   Timer
                                                   Transmit
           ENTRY                   ADDRESS         REF BY
           =====                   =======         ======
           ADC10MEM                01B4 
    -------------------------------------------------------------------------
DATA16_AN
  Relative segment, address: 10FE - 10FE (0x1 bytes), align: 0
  Segment part 15. ROOT.      Intra module refs:   main
           ENTRY                   ADDRESS         REF BY
           =====                   =======         ======
           CALDCO_1MHZ             10FE 
    -------------------------------------------------------------------------
DATA16_AN
  Relative segment, address: 10FF - 10FF (0x1 bytes), align: 0
  Segment part 16. ROOT.      Intra module refs:   main
           ENTRY                   ADDRESS         REF BY
           =====                   =======         ======
           CALBC1_1MHZ             10FF 
    -------------------------------------------------------------------------
DATA16_Z
  Relative segment, address: 0202 - 0203 (0x2 bytes), align: 1
  Segment part 19.            Intra module refs:   main
           ENTRY                   ADDRESS         REF BY
           =====                   =======         ======
           i                       0202 
    -------------------------------------------------------------------------
DATA16_I
  Relative segment, address: 0200 - 0201 (0x2 bytes), align: 1
  Segment part 20.            Intra module refs:   Timer
                                                   main
           ENTRY                   ADDRESS         REF BY
           =====                   =======         ======
           transmit_timer          0200 
    -------------------------------------------------------------------------
DATA16_Z
  Relative segment, address: 0210 - 0213 (0x4 bytes), align: 0
  Segment part 22.            Intra module refs:   Transmit
           ENTRY                   ADDRESS         REF BY
           =====                   =======         ======
           buffer                  0210 
    -------------------------------------------------------------------------
DATA16_Z
  Relative segment, address: 0204 - 0207 (0x4 bytes), align: 1
  Segment part 23.            Intra module refs:   Transmit
           ENTRY                   ADDRESS         REF BY
           =====                   =======         ======
           IntDegC                 0204 
    -------------------------------------------------------------------------
DATA16_Z
  Relative segment, address: 0208 - 020B (0x4 bytes), align: 1
  Segment part 24.            Intra module refs:   Transmit
           ENTRY                   ADDRESS         REF BY
           =====                   =======         ======
           PreviousIntDegC         0208 
    -------------------------------------------------------------------------
DATA16_Z
  Relative segment, address: 020C - 020F (0x4 bytes), align: 1
  Segment part 25.            Intra module refs:   Transmit
           ENTRY                   ADDRESS         REF BY
           =====                   =======         ======
           temp                    020C 
    -------------------------------------------------------------------------
DATA16_C
  Relative segment, address: F8F2 - F8F3 (0x2 bytes), align: 0
  Segment part 18.            Intra module refs:   Transmit
    -------------------------------------------------------------------------
DATA16_C
  Relative segment, address: F800 - F8F1 (0xf2 bytes), align: 1
  Segment part 26.            Intra module refs:   Temperature_GetTemperature
           LOCAL                   ADDRESS         
           =====                   =======         
           Temperature_Lookup      F800 
    -------------------------------------------------------------------------
<CODE> 1 (was CODE)
  Relative segment, address: FD08 - FD45 (0x3e bytes), align: 1
  Segment part 33.            Intra module refs:   Transmit
           ENTRY                   ADDRESS         REF BY
           =====                   =======         ======
           Temperature_GetTemperature
                                   FD08 
               CSTACK = 00000000 ( 00000002 )
    -------------------------------------------------------------------------
<CODE> 1 (was CODE)
  Relative segment, address: FD46 - FD81 (0x3c bytes), align: 1
  Segment part 29.            Intra module refs:   RFM12_Init
                                                   Send_rfm12string
           ENTRY                   ADDRESS         REF BY
           =====                   =======         ======
           Spi16                   FD46 
               CSTACK = 00000000 ( 00000002 )
    -------------------------------------------------------------------------
<CODE> 1 (was CODE)
  Relative segment, address: FBD2 - FC2F (0x5e bytes), align: 1
  Segment part 36.            Intra module refs:   main
           ENTRY                   ADDRESS         REF BY
           =====                   =======         ======
           RFM12_Init              FBD2 
               calls direct
               CSTACK = 00000000 ( 00000004 )
    -------------------------------------------------------------------------
<CODE> 1 (was CODE)
  Relative segment, address: FDBA - FDDD (0x24 bytes), align: 1
  Segment part 28.            Intra module refs:   Send_rfm12string
           ENTRY                   ADDRESS         REF BY
           =====                   =======         ======
           Wait_rfm12              FDBA 
               CSTACK = 00000000 ( 00000002 )
    -------------------------------------------------------------------------
<CODE> 1 (was CODE)
  Relative segment, address: FB06 - FBD1 (0xcc bytes), align: 1
  Segment part 30.            Intra module refs:   ?Subroutine2
                                                   Transmit
           ENTRY                   ADDRESS         REF BY
           =====                   =======         ======
           Send_rfm12string        FB06 
               calls direct and indirect
               CSTACK = 00000000 ( 0000000E )
    -------------------------------------------------------------------------
<CODE> 1 (was CODE)
  Relative segment, address: FE1A - FE23 (0xa bytes), align: 1
  Segment part 31.            Intra module refs:   ?Subroutine0
                                                   Send_rfm12string
           LOCAL                   ADDRESS         
           =====                   =======         
           ?Subroutine5            FE1A 
    -------------------------------------------------------------------------
<CODE> 1 (was CODE)
  Relative segment, address: FE24 - FE27 (0x4 bytes), align: 1
  Segment part 32.            Intra module refs:   Send_rfm12string
           LOCAL                   ADDRESS         
           =====                   =======         
           ?Subroutine0            FE24 
    -------------------------------------------------------------------------
<CODE> 1 (was CODE)
  Relative segment, address: F91E - FA2F (0x112 bytes), align: 1
  Segment part 27.            Intra module refs:   Transmit
           ENTRY                   ADDRESS         REF BY
           =====                   =======         ======
           ltoa_format             F91E 
               CSTACK = 00000000 ( 00000012 )
    -------------------------------------------------------------------------
<CODE> 1 (was CODE)
  Relative segment, address: FC88 - FCB9 (0x32 bytes), align: 1
  Segment part 37.            Intra module refs:   main
           ENTRY                   ADDRESS         REF BY
           =====                   =======         ======
           Timer                   FC88 
               CSTACK = 00000000 ( 00000002 )
    -------------------------------------------------------------------------
<CODE> 1 (was CODE)
  Relative segment, address: FCBA - FCC7 (0xe bytes), align: 1
  Segment part 38.            Intra module refs:   Timer
                                                   Transmit
           LOCAL                   ADDRESS         
           =====                   =======         
           ?Subroutine4            FCBA 
    -------------------------------------------------------------------------
<CODE> 1 (was CODE)
  Relative segment, address: FE28 - FE35 (0xe bytes), align: 1
  Segment part 39.            Intra module refs:   Timer
                                                   Transmit
           LOCAL                   ADDRESS         
           =====                   =======         
           ?Subroutine3            FE28 
    -------------------------------------------------------------------------
<CODE> 1 (was CODE)
  Relative segment, address: FA30 - FB05 (0xd6 bytes), align: 1
  Segment part 34.            Intra module refs:   main
           ENTRY                   ADDRESS         REF BY
           =====                   =======         ======
           Transmit                FA30 
               calls direct
               CSTACK = 00000000 ( 00000006 )
    -------------------------------------------------------------------------
<CODE> 1 (was CODE)
  Relative segment, address: FE36 - FE43 (0xe bytes), align: 1
  Segment part 35.            Intra module refs:   Transmit
           LOCAL                   ADDRESS         
           =====                   =======         
           ?Subroutine2            FE36 
    -------------------------------------------------------------------------
<CODE> 1 (was CODE)
  Relative segment, address: FC30 - FC87 (0x58 bytes), align: 1
  Segment part 40.
           ENTRY                   ADDRESS         REF BY
           =====                   =======         ======
           main                    FC30            Segment part 14 (?cstart)
               calls direct
               CSTACK = 00000000 ( 00000002 )
    -------------------------------------------------------------------------
DATA16_ID
  Relative segment, address: F8F4 - F8F5 (0x2 bytes), align: 1
  Segment part 21.            Intra module refs:   transmit_timer

    *************************************************************************

  FILE NAME : C:\Program Files\IAR Systems\Embedded Workbench 6.0 Kickstart\430\LIB\CLIB\cl430f.r43
  LIBRARY MODULE, NAME : ?_exit

  SEGMENTS IN THE MODULE
  ======================
<CODE> 1 (was CODE)
  Relative segment, address: FE48, align: 1
  Segment part 0.
           ENTRY                   ADDRESS         REF BY
           =====                   =======         ======
           _exit                   FE48            exit (?clibexit)
    -------------------------------------------------------------------------
<CODE> 1 (was CODE)
  Relative segment, address: FE48 - FE4B (0x4 bytes), align: 1
  Segment part 5.             Intra module refs:   _exit

    -------------------------------------------------------------------------
  LIBRARY MODULE, NAME : ?clibexit

  SEGMENTS IN THE MODULE
  ======================
<CODE> 1 (was CODE)
  Relative segment, address: FE44 - FE47 (0x4 bytes), align: 1
  Segment part 2.
           ENTRY                   ADDRESS         REF BY
           =====                   =======         ======
           exit                    FE44            Segment part 14 (?cstart)
               calls direct
               CSTACK = 00000000 ( 00000002 )

    -------------------------------------------------------------------------
  LIBRARY MODULE, NAME : ?__exit

  SEGMENTS IN THE MODULE
  ======================
<CODE> 1 (was CODE)
  Relative segment, address: FE50 - FE51 (0x2 bytes), align: 1
  Segment part 0.
           ENTRY                   ADDRESS         REF BY
           =====                   =======         ======
           __exit                  FE50            Segment part 5 (?_exit)
                                                   _exit (?_exit)
           ?C_EXIT                 FE50 

    -------------------------------------------------------------------------
  LIBRARY MODULE, NAME : ?cstart

  SEGMENTS IN THE MODULE
  ======================
CSTACK
  Relative segment, address: 0230, align: 1
  Segment part 1.
    -------------------------------------------------------------------------
DATA16_Z
  Relative segment, address: 0210, align: 1
  Segment part 2.
    -------------------------------------------------------------------------
DATA16_I
  Relative segment, address: 0202, align: 1
  Segment part 3.
    -------------------------------------------------------------------------
DATA16_ID
  Relative segment, address: F8F6, align: 1
  Segment part 4.
    -------------------------------------------------------------------------
CSTART
  Relative segment, address: F8F6 - F8F9 (0x4 bytes), align: 1
  Segment part 7.
           ENTRY                   ADDRESS         REF BY
           =====                   =======         ======
           __program_start         F8F6            ?reset_vector (?reset_vector)
                                                   Absolute parts (?ABS_ENTRY_MOD)
           ?cstart_begin           F8F6 
    -------------------------------------------------------------------------
CSTART
  Relative segment, address: F8FA - F905 (0xc bytes), align: 1
  Segment part 10.
           ENTRY                   ADDRESS         REF BY
           =====                   =======         ======
           ?cstart_init_zero       F8FA            IntDegC (main)
                                                   PreviousIntDegC (main)
                                                   buffer (main)
                                                   i (main)
                                                   temp (main)
    -------------------------------------------------------------------------
CSTART
  Relative segment, address: F906 - F915 (0x10 bytes), align: 1
  Segment part 11.
           ENTRY                   ADDRESS         REF BY
           =====                   =======         ======
           ?cstart_init_copy       F906            transmit_timer (main)
    -------------------------------------------------------------------------
CSTART
  Relative segment, address: F916 - F91D (0x8 bytes), align: 1
  Segment part 14.            Intra module refs:   Segment part 7
           ENTRY                   ADDRESS         REF BY
           =====                   =======         ======
           ?cstart_call_main       F916 
           ?cstart_end             F91E 

    -------------------------------------------------------------------------
  LIBRARY MODULE, NAME : ?reset_vector

  SEGMENTS IN THE MODULE
  ======================
RESET
  Relative segment, address: FFFE - FFFF (0x2 bytes), align: 1
  Segment part 0.
           ENTRY                   ADDRESS         REF BY
           =====                   =======         ======
           ?reset_vector           FFFE            Segment part 7 (?cstart)

    -------------------------------------------------------------------------
  LIBRARY MODULE, NAME : ?Epilogue

  SEGMENTS IN THE MODULE
  ======================
<CODE> 1 (was CODE)
  Relative segment, address: FE08 - FE19 (0x12 bytes), align: 1
  Segment part 0.
           ENTRY                   ADDRESS         REF BY
           =====                   =======         ======
           ?Epilogue3              FE12 
           ?Epilogue4              FE10 
           ?Epilogue5              FE0E 
           ?Epilogue6              FE0C            Send_rfm12string (main)
           ?Epilogue7              FE0A 
           ?Epilogue8              FE08            ltoa_format (main)

    -------------------------------------------------------------------------
  LIBRARY MODULE, NAME : ?DivMod32u

  SEGMENTS IN THE MODULE
  ======================
<CODE> 1 (was CODE)
  Relative segment, address: FD82 - FDB9 (0x38 bytes), align: 1
  Segment part 0.
           ENTRY                   ADDRESS         REF BY
           =====                   =======         ======
           ?DivMod32u              FD82            ?DivMod32s (?DivMod32s)

    -------------------------------------------------------------------------
  LIBRARY MODULE, NAME : ?DivMod32s

  SEGMENTS IN THE MODULE
  ======================
<CODE> 1 (was CODE)
  Relative segment, address: FCC8 - FD07 (0x40 bytes), align: 1
  Segment part 0.
           ENTRY                   ADDRESS         REF BY
           =====                   =======         ======
           ?DivMod32s              FCC8            ltoa_format (main)

    -------------------------------------------------------------------------
  LIBRARY MODULE, NAME : ?memcpy

  SEGMENTS IN THE MODULE
  ======================
<CODE> 1 (was CODE)
  Relative segment, address: FDDE - FDF5 (0x18 bytes), align: 1
  Segment part 2.
           ENTRY                   ADDRESS         REF BY
           =====                   =======         ======
           memcpy                  FDDE            __data16_memcpy (?memzero)
               CSTACK = 00000000 ( 00000004 )

    -------------------------------------------------------------------------
  LIBRARY MODULE, NAME : ?memzero

  SEGMENTS IN THE MODULE
  ======================
<CODE> 1 (was CODE)
  Relative segment, address: FDF6 - FE07 (0x12 bytes), align: 1
  Segment part 4.
           ENTRY                   ADDRESS         REF BY
           =====                   =======         ======
           __data16_memzero        FDF6            ?cstart_init_zero (?cstart)
               CSTACK = 00000000 ( 00000002 )
    -------------------------------------------------------------------------
<CODE> 1 (was CODE)
  Relative segment, address: FE4C - FE4F (0x4 bytes), align: 1
  Segment part 3.
           ENTRY                   ADDRESS         REF BY
           =====                   =======         ======
           __data16_memcpy         FE4C            ?cstart_init_copy (?cstart)
               calls direct
               CSTACK = 00000000 ( 00000002 )




                ****************************************
                *                                      *
                *            MODULE SUMMARY            *
                *                                      *
                ****************************************

Module               CODE      DATA      CONST
------               ----      ----      -----
                    (Rel)  (Rel)  (Abs)  (Rel)
?DivMod32s             64
?DivMod32u             56
?Epilogue              18
?__exit                 2
?_exit                  4
?clibexit               4
?cstart                40
?memcpy                24
?memzero               22
?reset_vector           2
main                1 138     20     20    246
N/A (command line)            80
------              -----    ---     --    ---
Total:              1 374    100     20    246


                ****************************************
                *                                      *
                *      SEGMENTS IN ADDRESS ORDER       *
                *                                      *
                ****************************************


SEGMENT              SPACE    START ADDRESS   END ADDRESS     SIZE  TYPE  ALIGN
=======              =====    =============   ===========     ====  ====  =====
DATA16_AN                              0002 - 0002               1   rel    0
                                       0020 - 0022               3 
                                       0026 - 0027               2 
                                       0053 - 0053               1 
                                       0056 - 0058               3 
                                       0120 - 0121               2 
                                       01B0 - 01B5               6 
DATA16_I                               0200 - 0201               2   rel    1
DATA16_Z                               0202 - 0213              12   rel    1
CSTACK                                 0230 - 027F              50   rel    1
DATA16_AN                              10FE - 10FF               2   rel    0
DATA16_C                               F800 - F8F3              F4   rel    1
DATA16_ID                              F8F4 - F8F5               2   rel    1
CSTART                                 F8F6 - F91D              28   rel    1
<CODE> 1                               F91E - FE51             534   rel    1
RESET                                  FFFE - FFFF               2   rel    1

                ****************************************
                *                                      *
                *        END OF CROSS REFERENCE        *
                *                                      *
                ****************************************

 1 374 bytes of CODE  memory
   100 bytes of DATA  memory (+ 20 absolute )
   246 bytes of CONST memory

Errors: none
Warnings: none

